
ISOLINUX 6.04 6.04-pre1  Copyright (C) 1994-2015 H. Peter Anvin et al
boot: [?7h

Welcome to Alpine Linux 3.24
Kernel 6.18.35-0-virt on x86_64 (/dev/ttyS0)

localhost login: ROOT
Password: 
ex

Login incorrect
localhost login: 
localhost login: root
Welcome to Alpine!

The Alpine Wiki contains a large amount of how-to guides and general
information about administrating Alpine systems.
See <https://wiki.alpinelinux.org/>.

You can setup the system with the command: setup-alpine

You may change this message by editing /etc/motd.

localhost:~# [6nclear
[H[Jlocalhost:~# [6nroot
-sh: root: not found
localhost:~# [6nls
localhost:~# [6n